// Jest Snapshot v1, https://goo.gl/fbAQLP

exports[`component/showMore is Mobile 1`] = `
<div
  className="ShowMore-showMoreMobile-0-1-2"
>
  <div
    className="ShowMore-textBoxMobile-0-1-4"
  >
    All Stores
  </div>
</div>
`;

exports[`component/showMore is not Mobile 1`] = `
<div
  className="ShowMore-showMoreDesktop-0-1-1"
>
  <div
    className="ShowMore-textBoxDesktop-0-1-3"
  >
    view all popular stores
  </div>
</div>
`;

exports[`component/showMore renders correctly 1`] = `
<div
  className="ShowMore-showMoreDesktop-0-1-1"
>
  <div
    className="ShowMore-textBoxDesktop-0-1-3"
  >
    view all popular stores
  </div>
</div>
`;
